// Jest Snapshot v1, https://goo.gl/fbAQLP

exports[`Icon Should match the snapshot 1`] = `
<i
  className="icon icon-caret"
/>
`;
