// Jest Snapshot v1, https://goo.gl/fbAQLP

exports[`TileIcon Should match the snapshot 1`] = `
<div
  className="tile-icon"
/>
`;
