// Jest Snapshot v1, https://goo.gl/fbAQLP

exports[`TileAction Should match the snapshot 1`] = `
<div
  className="tile-action"
/>
`;
