// Jest Snapshot v1, https://goo.gl/fbAQLP

exports[`NavItem Should match the snapshot 1`] = `
<li
  className="nav-item"
/>
`;
