// Jest Snapshot v1, https://goo.gl/fbAQLP

exports[`Tab Should match the snapshot 1`] = `
<div
  className={null}
>
  <TabMenu
    block={false}
    renderAs="ul"
  >
    <TabMenuItem
      action={false}
      active={true}
      key="0"
      onClick={[Function]}
      renderAs="li"
    >
      <a
        className="btn btn-link"
      >
        Tab 1
      </a>
    </TabMenuItem>
    <TabMenuItem
      action={false}
      active={false}
      key="1"
      onClick={[Function]}
      renderAs="li"
    >
      <a
        className="btn btn-link text-error"
      >
        Custom menu item
      </a>
    </TabMenuItem>
    <TabMenuItem
      action={false}
      active={false}
      key="2"
      onClick={[Function]}
      renderAs="li"
    >
      <a
        className="btn btn-link"
      >
        Tab 3
      </a>
    </TabMenuItem>
  </TabMenu>
  <render />
</div>
`;

exports[`Tab Should match the use case snapshot 1`] = `
<div>
  <ul
    class="tab tab-block"
  >
    <li
      class="tab-item active"
    >
      <a
        class="btn btn-link"
      >
        Tab 1
      </a>
    </li>
    <li
      class="tab-item"
    >
      <a
        class="btn btn-link text-error"
      >
        Custom menu item
      </a>
    </li>
    <li
      class="tab-item"
    >
      <a
        class="btn btn-link"
      >
        Tab 3
      </a>
    </li>
  </ul>
  <div>
    Basic Tab Item
  </div>
</div>
`;
