// Jest Snapshot v1, https://goo.gl/fbAQLP

exports[`TabMenu Should match the snapshot 1`] = `
<ul
  className="tab"
/>
`;

exports[`TabMenu Should match the use case snapshot 1`] = `
<ul
  class="tab tab-block"
>
  <li
    class="tab-item active"
  >
    <a
      class="btn btn-link"
    >
      Active
    </a>
  </li>
  <li
    class="tab-item"
  >
    <a
      class="btn btn-link"
    >
      Another Tab
    </a>
  </li>
</ul>
`;
