// Jest Snapshot v1, https://goo.gl/fbAQLP

exports[`TabMenuItem Should match the snapshot 1`] = `
<li
  className="tab-item"
/>
`;
