// Jest Snapshot v1, https://goo.gl/fbAQLP

exports[`CardImage Should match the snapshot 1`] = `
<div
  className="card-image"
/>
`;
