// Jest Snapshot v1, https://goo.gl/fbAQLP

exports[`CardBody Should match the snapshot 1`] = `
<div
  className="card-body"
/>
`;
