// Jest Snapshot v1, https://goo.gl/fbAQLP

exports[`Figure Should match the snapshot 1`] = `
<figure
  className="figure"
/>
`;

exports[`Figure Should match the snapshot of an avatar 1`] = `
<figure
  className="figure avatar avatar-sm"
  data-initial="CD"
/>
`;
