// Jest Snapshot v1, https://goo.gl/fbAQLP

exports[`FigureCaption Should match the snapshot 1`] = `
<figcaption
  className="figure-caption"
/>
`;
