// Jest Snapshot v1, https://goo.gl/fbAQLP

exports[`NavbarSection Should match the snapshot 1`] = `
<div
  className="navbar-section"
/>
`;
