// Jest Snapshot v1, https://goo.gl/fbAQLP

exports[`NavbarBrand Should match the snapshot 1`] = `
<a
  className="navbar-brand"
  href="#"
/>
`;
