// Jest Snapshot v1, https://goo.gl/fbAQLP

exports[`PopoverContainer Should match the snapshot 1`] = `
<div
  className="popover-container"
/>
`;
