// Jest Snapshot v1, https://goo.gl/fbAQLP

exports[`AccordionBody Should match the snapshot 1`] = `
<div
  className="accordion-body"
/>
`;
