// Jest Snapshot v1, https://goo.gl/fbAQLP

exports[`Code Should include language when multi-line 1`] = `
<pre
  className="code"
>
  <code
    lang="javascript"
  >
    My Code
  </code>
</pre>
`;

exports[`Code Should match the snapshot 1`] = `
<code
  className=""
/>
`;
