// Jest Snapshot v1, https://goo.gl/fbAQLP

exports[`Container Snapshots Should exist 1`] = `
<div
  className="container"
/>
`;
