// Jest Snapshot v1, https://goo.gl/fbAQLP

exports[`FormGroup Should match the snapshot 1`] = `
<div
  className="form-group"
/>
`;
