// Jest Snapshot v1, https://goo.gl/fbAQLP

exports[`Heading Snapshots Should exist 1`] = `[Function]`;
