// Jest Snapshot v1, https://goo.gl/fbAQLP

exports[`Table Should match the snapshot 1`] = `
<table
  className="table"
/>
`;
