// Jest Snapshot v1, https://goo.gl/fbAQLP

exports[`Video Should match the snapshot 1`] = `
<video
  className=""
/>
`;
