// Jest Snapshot v1, https://goo.gl/fbAQLP

exports[`CardSubtitle Should match the snapshot 1`] = `
<div
  className="card-subtitle"
/>
`;
